// Jest Snapshot v1, https://goo.gl/fbAQLP

exports[`productQuery test should be the correct query 1`] = `
Object {
  "Product": Object {
    "definitions": Array [
      Object {
        "directives": Array [],
        "kind": "OperationDefinition",
        "name": Object {
          "kind": "Name",
          "value": "Product",
        },
        "operation": "query",
        "selectionSet": Object {
          "kind": "SelectionSet",
          "selections": Array [
            Object {
              "arguments": Array [
                Object {
                  "kind": "Argument",
                  "name": Object {
                    "kind": "Name",
                    "value": "slug",
                  },
                  "value": Object {
                    "kind": "Variable",
                    "name": Object {
                      "kind": "Name",
                      "value": "slug",
                    },
                  },
                },
              ],
              "directives": Array [],
              "kind": "Field",
              "name": Object {
                "kind": "Name",
                "value": "product",
              },
              "selectionSet": Object {
                "kind": "SelectionSet",
                "selections": Array [
                  Object {
                    "arguments": Array [],
                    "directives": Array [],
                    "kind": "Field",
                    "name": Object {
                      "kind": "Name",
                      "value": "productName",
                    },
                  },
                  Object {
                    "arguments": Array [],
                    "directives": Array [],
                    "kind": "Field",
                    "name": Object {
                      "kind": "Name",
                      "value": "productId",
                    },
                  },
                  Object {
                    "arguments": Array [],
                    "directives": Array [],
                    "kind": "Field",
                    "name": Object {
                      "kind": "Name",
                      "value": "description",
                    },
                  },
                  Object {
                    "arguments": Array [],
                    "directives": Array [],
                    "kind": "Field",
                    "name": Object {
                      "kind": "Name",
                      "value": "items",
                    },
                    "selectionSet": Object {
                      "kind": "SelectionSet",
                      "selections": Array [
                        Object {
                          "arguments": Array [],
                          "directives": Array [],
                          "kind": "Field",
                          "name": Object {
                            "kind": "Name",
                            "value": "itemId",
                          },
                        },
                        Object {
                          "arguments": Array [],
                          "directives": Array [],
                          "kind": "Field",
                          "name": Object {
                            "kind": "Name",
                            "value": "name",
                          },
                        },
                        Object {
                          "arguments": Array [],
                          "directives": Array [],
                          "kind": "Field",
                          "name": Object {
                            "kind": "Name",
                            "value": "nameComplete",
                          },
                        },
                        Object {
                          "arguments": Array [],
                          "directives": Array [],
                          "kind": "Field",
                          "name": Object {
                            "kind": "Name",
                            "value": "complementName",
                          },
                        },
                        Object {
                          "arguments": Array [],
                          "directives": Array [],
                          "kind": "Field",
                          "name": Object {
                            "kind": "Name",
                            "value": "ean",
                          },
                        },
                        Object {
                          "arguments": Array [],
                          "directives": Array [],
                          "kind": "Field",
                          "name": Object {
                            "kind": "Name",
                            "value": "measurementUnit",
                          },
                        },
                        Object {
                          "arguments": Array [],
                          "directives": Array [],
                          "kind": "Field",
                          "name": Object {
                            "kind": "Name",
                            "value": "unitMultiplier",
                          },
                        },
                        Object {
                          "arguments": Array [],
                          "directives": Array [],
                          "kind": "Field",
                          "name": Object {
                            "kind": "Name",
                            "value": "images",
                          },
                          "selectionSet": Object {
                            "kind": "SelectionSet",
                            "selections": Array [
                              Object {
                                "arguments": Array [],
                                "directives": Array [],
                                "kind": "Field",
                                "name": Object {
                                  "kind": "Name",
                                  "value": "imageId",
                                },
                              },
                              Object {
                                "arguments": Array [],
                                "directives": Array [],
                                "kind": "Field",
                                "name": Object {
                                  "kind": "Name",
                                  "value": "imageLabel",
                                },
                              },
                              Object {
                                "arguments": Array [],
                                "directives": Array [],
                                "kind": "Field",
                                "name": Object {
                                  "kind": "Name",
                                  "value": "imageTag",
                                },
                              },
                              Object {
                                "arguments": Array [],
                                "directives": Array [],
                                "kind": "Field",
                                "name": Object {
                                  "kind": "Name",
                                  "value": "imageUrl",
                                },
                              },
                              Object {
                                "arguments": Array [],
                                "directives": Array [],
                                "kind": "Field",
                                "name": Object {
                                  "kind": "Name",
                                  "value": "imageText",
                                },
                              },
                            ],
                          },
                        },
                        Object {
                          "arguments": Array [],
                          "directives": Array [],
                          "kind": "Field",
                          "name": Object {
                            "kind": "Name",
                            "value": "sellers",
                          },
                          "selectionSet": Object {
                            "kind": "SelectionSet",
                            "selections": Array [
                              Object {
                                "arguments": Array [],
                                "directives": Array [],
                                "kind": "Field",
                                "name": Object {
                                  "kind": "Name",
                                  "value": "sellerId",
                                },
                              },
                              Object {
                                "arguments": Array [],
                                "directives": Array [],
                                "kind": "Field",
                                "name": Object {
                                  "kind": "Name",
                                  "value": "sellerName",
                                },
                              },
                              Object {
                                "arguments": Array [],
                                "directives": Array [],
                                "kind": "Field",
                                "name": Object {
                                  "kind": "Name",
                                  "value": "addToCartLink",
                                },
                              },
                              Object {
                                "arguments": Array [],
                                "directives": Array [],
                                "kind": "Field",
                                "name": Object {
                                  "kind": "Name",
                                  "value": "sellerDefault",
                                },
                              },
                              Object {
                                "arguments": Array [],
                                "directives": Array [],
                                "kind": "Field",
                                "name": Object {
                                  "kind": "Name",
                                  "value": "commertialOffer",
                                },
                                "selectionSet": Object {
                                  "kind": "SelectionSet",
                                  "selections": Array [
                                    Object {
                                      "arguments": Array [],
                                      "directives": Array [],
                                      "kind": "Field",
                                      "name": Object {
                                        "kind": "Name",
                                        "value": "Price",
                                      },
                                    },
                                    Object {
                                      "arguments": Array [],
                                      "directives": Array [],
                                      "kind": "Field",
                                      "name": Object {
                                        "kind": "Name",
                                        "value": "ListPrice",
                                      },
                                    },
                                    Object {
                                      "arguments": Array [],
                                      "directives": Array [],
                                      "kind": "Field",
                                      "name": Object {
                                        "kind": "Name",
                                        "value": "PriceWithoutDiscount",
                                      },
                                    },
                                    Object {
                                      "arguments": Array [],
                                      "directives": Array [],
                                      "kind": "Field",
                                      "name": Object {
                                        "kind": "Name",
                                        "value": "RewardValue",
                                      },
                                    },
                                    Object {
                                      "arguments": Array [],
                                      "directives": Array [],
                                      "kind": "Field",
                                      "name": Object {
                                        "kind": "Name",
                                        "value": "PriceValidUntil",
                                      },
                                    },
                                    Object {
                                      "arguments": Array [],
                                      "directives": Array [],
                                      "kind": "Field",
                                      "name": Object {
                                        "kind": "Name",
                                        "value": "AvailableQuantity",
                                      },
                                    },
                                    Object {
                                      "arguments": Array [],
                                      "directives": Array [],
                                      "kind": "Field",
                                      "name": Object {
                                        "kind": "Name",
                                        "value": "Tax",
                                      },
                                    },
                                    Object {
                                      "arguments": Array [],
                                      "directives": Array [],
                                      "kind": "Field",
                                      "name": Object {
                                        "kind": "Name",
                                        "value": "CacheVersionUsedToCallCheckout",
                                      },
                                    },
                                  ],
                                },
                              },
                            ],
                          },
                        },
                      ],
                    },
                  },
                ],
              },
            },
          ],
        },
        "variableDefinitions": Array [
          Object {
            "kind": "VariableDefinition",
            "type": Object {
              "kind": "NamedType",
              "name": Object {
                "kind": "Name",
                "value": "String",
              },
            },
            "variable": Object {
              "kind": "Variable",
              "name": Object {
                "kind": "Name",
                "value": "slug",
              },
            },
          },
        ],
      },
    ],
    "kind": "Document",
    "loc": Object {
      "end": 691,
      "source": Object {
        "body": "query Product($slug: String) {
  product(slug: $slug) {
    productName
    productId
    description
    items {
      itemId
      name
      nameComplete
      complementName
      ean
      measurementUnit
      unitMultiplier
      images {
        imageId
        imageLabel
        imageTag
        imageUrl
        imageText
      }
      sellers {
        sellerId
        sellerName
        addToCartLink
        sellerDefault
        commertialOffer {
          Price
          ListPrice
          PriceWithoutDiscount
          RewardValue
          PriceValidUntil
          AvailableQuantity
          Tax
          CacheVersionUsedToCallCheckout
        }
      }
    }
  }
}
",
        "locationOffset": Object {
          "column": 1,
          "line": 1,
        },
        "name": "GraphQL request",
      },
      "start": 0,
    },
  },
  "definitions": Array [
    Object {
      "directives": Array [],
      "kind": "OperationDefinition",
      "name": Object {
        "kind": "Name",
        "value": "Product",
      },
      "operation": "query",
      "selectionSet": Object {
        "kind": "SelectionSet",
        "selections": Array [
          Object {
            "arguments": Array [
              Object {
                "kind": "Argument",
                "name": Object {
                  "kind": "Name",
                  "value": "slug",
                },
                "value": Object {
                  "kind": "Variable",
                  "name": Object {
                    "kind": "Name",
                    "value": "slug",
                  },
                },
              },
            ],
            "directives": Array [],
            "kind": "Field",
            "name": Object {
              "kind": "Name",
              "value": "product",
            },
            "selectionSet": Object {
              "kind": "SelectionSet",
              "selections": Array [
                Object {
                  "arguments": Array [],
                  "directives": Array [],
                  "kind": "Field",
                  "name": Object {
                    "kind": "Name",
                    "value": "productName",
                  },
                },
                Object {
                  "arguments": Array [],
                  "directives": Array [],
                  "kind": "Field",
                  "name": Object {
                    "kind": "Name",
                    "value": "productId",
                  },
                },
                Object {
                  "arguments": Array [],
                  "directives": Array [],
                  "kind": "Field",
                  "name": Object {
                    "kind": "Name",
                    "value": "description",
                  },
                },
                Object {
                  "arguments": Array [],
                  "directives": Array [],
                  "kind": "Field",
                  "name": Object {
                    "kind": "Name",
                    "value": "items",
                  },
                  "selectionSet": Object {
                    "kind": "SelectionSet",
                    "selections": Array [
                      Object {
                        "arguments": Array [],
                        "directives": Array [],
                        "kind": "Field",
                        "name": Object {
                          "kind": "Name",
                          "value": "itemId",
                        },
                      },
                      Object {
                        "arguments": Array [],
                        "directives": Array [],
                        "kind": "Field",
                        "name": Object {
                          "kind": "Name",
                          "value": "name",
                        },
                      },
                      Object {
                        "arguments": Array [],
                        "directives": Array [],
                        "kind": "Field",
                        "name": Object {
                          "kind": "Name",
                          "value": "nameComplete",
                        },
                      },
                      Object {
                        "arguments": Array [],
                        "directives": Array [],
                        "kind": "Field",
                        "name": Object {
                          "kind": "Name",
                          "value": "complementName",
                        },
                      },
                      Object {
                        "arguments": Array [],
                        "directives": Array [],
                        "kind": "Field",
                        "name": Object {
                          "kind": "Name",
                          "value": "ean",
                        },
                      },
                      Object {
                        "arguments": Array [],
                        "directives": Array [],
                        "kind": "Field",
                        "name": Object {
                          "kind": "Name",
                          "value": "measurementUnit",
                        },
                      },
                      Object {
                        "arguments": Array [],
                        "directives": Array [],
                        "kind": "Field",
                        "name": Object {
                          "kind": "Name",
                          "value": "unitMultiplier",
                        },
                      },
                      Object {
                        "arguments": Array [],
                        "directives": Array [],
                        "kind": "Field",
                        "name": Object {
                          "kind": "Name",
                          "value": "images",
                        },
                        "selectionSet": Object {
                          "kind": "SelectionSet",
                          "selections": Array [
                            Object {
                              "arguments": Array [],
                              "directives": Array [],
                              "kind": "Field",
                              "name": Object {
                                "kind": "Name",
                                "value": "imageId",
                              },
                            },
                            Object {
                              "arguments": Array [],
                              "directives": Array [],
                              "kind": "Field",
                              "name": Object {
                                "kind": "Name",
                                "value": "imageLabel",
                              },
                            },
                            Object {
                              "arguments": Array [],
                              "directives": Array [],
                              "kind": "Field",
                              "name": Object {
                                "kind": "Name",
                                "value": "imageTag",
                              },
                            },
                            Object {
                              "arguments": Array [],
                              "directives": Array [],
                              "kind": "Field",
                              "name": Object {
                                "kind": "Name",
                                "value": "imageUrl",
                              },
                            },
                            Object {
                              "arguments": Array [],
                              "directives": Array [],
                              "kind": "Field",
                              "name": Object {
                                "kind": "Name",
                                "value": "imageText",
                              },
                            },
                          ],
                        },
                      },
                      Object {
                        "arguments": Array [],
                        "directives": Array [],
                        "kind": "Field",
                        "name": Object {
                          "kind": "Name",
                          "value": "sellers",
                        },
                        "selectionSet": Object {
                          "kind": "SelectionSet",
                          "selections": Array [
                            Object {
                              "arguments": Array [],
                              "directives": Array [],
                              "kind": "Field",
                              "name": Object {
                                "kind": "Name",
                                "value": "sellerId",
                              },
                            },
                            Object {
                              "arguments": Array [],
                              "directives": Array [],
                              "kind": "Field",
                              "name": Object {
                                "kind": "Name",
                                "value": "sellerName",
                              },
                            },
                            Object {
                              "arguments": Array [],
                              "directives": Array [],
                              "kind": "Field",
                              "name": Object {
                                "kind": "Name",
                                "value": "addToCartLink",
                              },
                            },
                            Object {
                              "arguments": Array [],
                              "directives": Array [],
                              "kind": "Field",
                              "name": Object {
                                "kind": "Name",
                                "value": "sellerDefault",
                              },
                            },
                            Object {
                              "arguments": Array [],
                              "directives": Array [],
                              "kind": "Field",
                              "name": Object {
                                "kind": "Name",
                                "value": "commertialOffer",
                              },
                              "selectionSet": Object {
                                "kind": "SelectionSet",
                                "selections": Array [
                                  Object {
                                    "arguments": Array [],
                                    "directives": Array [],
                                    "kind": "Field",
                                    "name": Object {
                                      "kind": "Name",
                                      "value": "Price",
                                    },
                                  },
                                  Object {
                                    "arguments": Array [],
                                    "directives": Array [],
                                    "kind": "Field",
                                    "name": Object {
                                      "kind": "Name",
                                      "value": "ListPrice",
                                    },
                                  },
                                  Object {
                                    "arguments": Array [],
                                    "directives": Array [],
                                    "kind": "Field",
                                    "name": Object {
                                      "kind": "Name",
                                      "value": "PriceWithoutDiscount",
                                    },
                                  },
                                  Object {
                                    "arguments": Array [],
                                    "directives": Array [],
                                    "kind": "Field",
                                    "name": Object {
                                      "kind": "Name",
                                      "value": "RewardValue",
                                    },
                                  },
                                  Object {
                                    "arguments": Array [],
                                    "directives": Array [],
                                    "kind": "Field",
                                    "name": Object {
                                      "kind": "Name",
                                      "value": "PriceValidUntil",
                                    },
                                  },
                                  Object {
                                    "arguments": Array [],
                                    "directives": Array [],
                                    "kind": "Field",
                                    "name": Object {
                                      "kind": "Name",
                                      "value": "AvailableQuantity",
                                    },
                                  },
                                  Object {
                                    "arguments": Array [],
                                    "directives": Array [],
                                    "kind": "Field",
                                    "name": Object {
                                      "kind": "Name",
                                      "value": "Tax",
                                    },
                                  },
                                  Object {
                                    "arguments": Array [],
                                    "directives": Array [],
                                    "kind": "Field",
                                    "name": Object {
                                      "kind": "Name",
                                      "value": "CacheVersionUsedToCallCheckout",
                                    },
                                  },
                                ],
                              },
                            },
                          ],
                        },
                      },
                    ],
                  },
                },
              ],
            },
          },
        ],
      },
      "variableDefinitions": Array [
        Object {
          "kind": "VariableDefinition",
          "type": Object {
            "kind": "NamedType",
            "name": Object {
              "kind": "Name",
              "value": "String",
            },
          },
          "variable": Object {
            "kind": "Variable",
            "name": Object {
              "kind": "Name",
              "value": "slug",
            },
          },
        },
      ],
    },
  ],
  "kind": "Document",
  "loc": Object {
    "end": 691,
    "source": Object {
      "body": "query Product($slug: String) {
  product(slug: $slug) {
    productName
    productId
    description
    items {
      itemId
      name
      nameComplete
      complementName
      ean
      measurementUnit
      unitMultiplier
      images {
        imageId
        imageLabel
        imageTag
        imageUrl
        imageText
      }
      sellers {
        sellerId
        sellerName
        addToCartLink
        sellerDefault
        commertialOffer {
          Price
          ListPrice
          PriceWithoutDiscount
          RewardValue
          PriceValidUntil
          AvailableQuantity
          Tax
          CacheVersionUsedToCallCheckout
        }
      }
    }
  }
}
",
      "locationOffset": Object {
        "column": 1,
        "line": 1,
      },
      "name": "GraphQL request",
    },
    "start": 0,
  },
}
`;
